../Middlewares/Third_Party/h3lite/src/h3lite_faceijk.c:422:17:_h3Rotate60ccw	24	static
../Middlewares/Third_Party/h3lite/src/h3lite_faceijk.c:183:6:_setIJK	0	static
../Middlewares/Third_Party/h3lite/src/h3lite_faceijk.c:192:6:_ijkNormalize	8	static
../Middlewares/Third_Party/h3lite/src/h3lite_faceijk.c:226:6:_ijkAdd	8	static
../Middlewares/Third_Party/h3lite/src/h3lite_faceijk.c:235:6:_ijkSub	8	static
../Middlewares/Third_Party/h3lite/src/h3lite_faceijk.c:244:6:_ijkScale	0	static
../Middlewares/Third_Party/h3lite/src/h3lite_faceijk.c:253:6:isResolutionClassIII	0	static
../Middlewares/Third_Party/h3lite/src/h3lite_faceijk.c:260:6:_upAp7	16	static
../Middlewares/Third_Party/h3lite/src/h3lite_faceijk.c:269:6:_upAp7r	16	static
../Middlewares/Third_Party/h3lite/src/h3lite_faceijk.c:278:6:_downAp7	64	static
../Middlewares/Third_Party/h3lite/src/h3lite_faceijk.c:290:6:_downAp7r	64	static
../Middlewares/Third_Party/h3lite/src/h3lite_faceijk.c:305:6:_hex2dToCoordIJK	56	static
../Middlewares/Third_Party/h3lite/src/h3lite_faceijk.c:530:6:_geoToVec3d	32	static
../Middlewares/Third_Party/h3lite/src/h3lite_faceijk.c:536:8:_pointSquareDist	32	static
../Middlewares/Third_Party/h3lite/src/h3lite_faceijk.c:476:6:_geoToClosestFace	56	static
../Middlewares/Third_Party/h3lite/src/h3lite_faceijk.c:542:8:_posAngleRads	16	static
../Middlewares/Third_Party/h3lite/src/h3lite_faceijk.c:546:8:_geoAzimuthRads	64	static
../Middlewares/Third_Party/h3lite/src/h3lite_faceijk.c:436:6:_geoToHex2d	48	static
../Middlewares/Third_Party/h3lite/src/h3lite_faceijk.c:553:6:_ijkRotate60ccw	64	static
../Middlewares/Third_Party/h3lite/src/h3lite_faceijk.c:565:6:_ijkRotate60cw	64	static
../Middlewares/Third_Party/h3lite/src/h3lite_faceijk.c:580:6:_geoToFaceIjk	24	static
../Middlewares/Third_Party/h3lite/src/h3lite_faceijk.c:593:10:faceIjkToH3	112	static
