../Middlewares/Third_Party/LoRaWAN/Mac/LoRaMac.c:997:13:UpdateRxSlotIdleState	0	static
../Middlewares/Third_Party/LoRaWAN/Mac/LoRaMac.c:4452:13:OnMacProcessNotify	0	static
../Middlewares/Third_Party/LoRaWAN/Mac/LoRaMac.c:982:13:OnRadioRxError	0	static
../Middlewares/Third_Party/LoRaWAN/Mac/LoRaMac.c:6142:13:OnAbpJoinPendingTimerEvent	0	static
../Middlewares/Third_Party/LoRaWAN/Mac/LoRaMac.c:2680:16:GetMaxAppPayloadWithoutFOptsLength	24	static
../Middlewares/Third_Party/LoRaWAN/Mac/LoRaMac.c:2506:13:OnRetransmitTimeoutTimerEvent	8	static
../Middlewares/Third_Party/LoRaWAN/Mac/LoRaMac.c:1094:13:PrepareRxDoneAbort	8	static
../Middlewares/Third_Party/LoRaWAN/Mac/LoRaMac.c:1834:13:HandleRadioRxErrorTimeout	24	static
../Middlewares/Third_Party/LoRaWAN/Mac/LoRaMac.c:989:13:OnRadioRxTimeout	8	static
../Middlewares/Third_Party/LoRaWAN/Mac/LoRaMac.c:974:13:OnRadioTxTimeout	8	static
../Middlewares/Third_Party/LoRaWAN/Mac/LoRaMac.c:957:13:OnRadioRxDone	24	static
../Middlewares/Third_Party/LoRaWAN/Mac/LoRaMac.c:946:13:OnRadioTxDone	16	static
../Middlewares/Third_Party/LoRaWAN/Mac/LoRaMac.c:3585:24:ScheduleTx	96	static
../Middlewares/Third_Party/LoRaWAN/Mac/LoRaMac.c:3907:13:OpenContinuousRxCWindow	24	static
../Middlewares/Third_Party/LoRaWAN/Mac/LoRaMac.c:2574:24:SwitchClass	24	static
../Middlewares/Third_Party/LoRaWAN/Mac/LoRaMac.c:3761:13:ResetMacParameters.constprop	88	static
../Middlewares/Third_Party/LoRaWAN/Mac/LoRaMac.c:3892:13:RxWindowSetup.constprop	24	static
../Middlewares/Third_Party/LoRaWAN/Mac/LoRaMac.c:2399:13:OnRxWindow1TimerEvent	0	static
../Middlewares/Third_Party/LoRaWAN/Mac/LoRaMac.c:2414:13:OnRxWindow2TimerEvent	0	static
../Middlewares/Third_Party/LoRaWAN/Mac/LoRaMac.c:2226:13:LoRaMacHandleNvm.part.0.constprop	16	static
../Middlewares/Third_Party/LoRaWAN/Mac/LoRaMac.c:2718:13:ProcessMacCommands.constprop	96	static
../Middlewares/Third_Party/LoRaWAN/Mac/LoRaMac.c:4394:13:StopRetransmission.isra	0	static
../Middlewares/Third_Party/LoRaWAN/Mac/LoRaMac.c:2361:13:OnTxDelayedTimerEvent	16	static
../Middlewares/Third_Party/LoRaWAN/Mac/LoRaMac.c:1947:6:LoRaMacIsBusy	0	static
../Middlewares/Third_Party/LoRaWAN/Mac/LoRaMac.c:1969:6:LoRaMacIsStopped	0	static
../Middlewares/Third_Party/LoRaWAN/Mac/LoRaMac.c:2317:6:LoRaMacProcess	200	static,ignoring_inline_asm
../Middlewares/Third_Party/LoRaWAN/Mac/LoRaMac.c:4515:17:LoRaMacInitialization	88	static
../Middlewares/Third_Party/LoRaWAN/Mac/LoRaMac.c:4741:17:LoRaMacStart	8	static
../Middlewares/Third_Party/LoRaWAN/Mac/LoRaMac.c:4748:17:LoRaMacStop	8	static
../Middlewares/Third_Party/LoRaWAN/Mac/LoRaMac.c:4766:17:LoRaMacHalt	16	static
../Middlewares/Third_Party/LoRaWAN/Mac/LoRaMac.c:4798:17:LoRaMacQueryTxPossible	56	static
../Middlewares/Third_Party/LoRaWAN/Mac/LoRaMac.c:4868:17:LoRaMacMibGetRequestConfirm	24	static
../Middlewares/Third_Party/LoRaWAN/Mac/LoRaMac.c:5156:17:LoRaMacMibSetRequestConfirm	32	static
../Middlewares/Third_Party/LoRaWAN/Mac/LoRaMac.c:5949:17:LoRaMacChannelAdd	32	static
../Middlewares/Third_Party/LoRaWAN/Mac/LoRaMac.c:5967:17:LoRaMacChannelRemove	16	static
../Middlewares/Third_Party/LoRaWAN/Mac/LoRaMac.c:5988:17:LoRaMacMcChannelSetup	24	static
../Middlewares/Third_Party/LoRaWAN/Mac/LoRaMac.c:6032:17:LoRaMacMcChannelDelete	64	static
../Middlewares/Third_Party/LoRaWAN/Mac/LoRaMac.c:6055:9:LoRaMacMcChannelGetGroupId	0	static
../Middlewares/Third_Party/LoRaWAN/Mac/LoRaMac.c:6067:17:LoRaMacMcChannelSetupRxParams	32	static
../Middlewares/Third_Party/LoRaWAN/Mac/LoRaMac.c:6170:17:LoRaMacProcessMicForDatablock	16	static
../Middlewares/Third_Party/LoRaWAN/Mac/LoRaMac.c:6183:17:LoRaMacMlmeRequest	64	static
../Middlewares/Third_Party/LoRaWAN/Mac/LoRaMac.c:6439:17:LoRaMacMcpsRequest	136	static
../Middlewares/Third_Party/LoRaWAN/Mac/LoRaMac.c:6736:6:LoRaMacTestSetDutyCycleOn	24	static
../Middlewares/Third_Party/LoRaWAN/Mac/LoRaMac.c:6750:17:LoRaMacDeInitialization	8	static
../Middlewares/Third_Party/LoRaWAN/Mac/LoRaMac.c:6781:6:LoRaMacReset	8	static
