../Utilities/lpm/tiny_lpm/stm32_lpm.c:125:6:UTIL_LPM_Init	0	static
../Utilities/lpm/tiny_lpm/stm32_lpm.c:132:6:UTIL_LPM_DeInit	0	static
../Utilities/lpm/tiny_lpm/stm32_lpm.c:136:6:UTIL_LPM_SetStopMode	8	static,ignoring_inline_asm
../Utilities/lpm/tiny_lpm/stm32_lpm.c:161:6:UTIL_LPM_SetOffMode	8	static,ignoring_inline_asm
../Utilities/lpm/tiny_lpm/stm32_lpm.c:186:17:UTIL_LPM_GetMode	0	static,ignoring_inline_asm
../Utilities/lpm/tiny_lpm/stm32_lpm.c:219:6:UTIL_LPM_EnterLowPower	16	static,ignoring_inline_asm
