../Drivers/STM32WLxx_HAL_Driver/Src/stm32wlxx_hal_i2c.c:6699:13:I2C_Flush_TXDR	0	static
../Drivers/STM32WLxx_HAL_Driver/Src/stm32wlxx_hal_i2c.c:7268:13:I2C_TransferConfig	12	static
../Drivers/STM32WLxx_HAL_Driver/Src/stm32wlxx_hal_i2c.c:7295:13:I2C_Enable_IRQ	16	static
../Drivers/STM32WLxx_HAL_Driver/Src/stm32wlxx_hal_i2c.c:7391:13:I2C_Disable_IRQ	0	static
../Drivers/STM32WLxx_HAL_Driver/Src/stm32wlxx_hal_i2c.c:7127:26:I2C_IsErrorOccurred	24	static
../Drivers/STM32WLxx_HAL_Driver/Src/stm32wlxx_hal_i2c.c:6971:26:I2C_WaitOnTXISFlagUntilTimeout	16	static
../Drivers/STM32WLxx_HAL_Driver/Src/stm32wlxx_hal_i2c.c:6931:26:I2C_WaitOnFlagUntilTimeout	24	static
../Drivers/STM32WLxx_HAL_Driver/Src/stm32wlxx_hal_i2c.c:7012:26:I2C_WaitOnSTOPFlagUntilTimeout	16	static
../Drivers/STM32WLxx_HAL_Driver/Src/stm32wlxx_hal_i2c.c:7050:26:I2C_WaitOnRXNEFlagUntilTimeout	32	static
../Drivers/STM32WLxx_HAL_Driver/Src/stm32wlxx_hal_i2c.c:7454:13:I2C_ConvertOtherXferOptions	0	static
../Drivers/STM32WLxx_HAL_Driver/Src/stm32wlxx_hal_i2c.c:696:13:HAL_I2C_MspInit	0	static
../Drivers/STM32WLxx_HAL_Driver/Src/stm32wlxx_hal_i2c.c:535:19:HAL_I2C_Init	8	static
../Drivers/STM32WLxx_HAL_Driver/Src/stm32wlxx_hal_i2c.c:712:13:HAL_I2C_MspDeInit	0	static
../Drivers/STM32WLxx_HAL_Driver/Src/stm32wlxx_hal_i2c.c:650:19:HAL_I2C_DeInit	8	static
../Drivers/STM32WLxx_HAL_Driver/Src/stm32wlxx_hal_i2c.c:1119:19:HAL_I2C_Master_Transmit	40	static
../Drivers/STM32WLxx_HAL_Driver/Src/stm32wlxx_hal_i2c.c:1260:19:HAL_I2C_Master_Receive	40	static
../Drivers/STM32WLxx_HAL_Driver/Src/stm32wlxx_hal_i2c.c:1378:19:HAL_I2C_Slave_Transmit	40	static
../Drivers/STM32WLxx_HAL_Driver/Src/stm32wlxx_hal_i2c.c:1553:19:HAL_I2C_Slave_Receive	40	static
../Drivers/STM32WLxx_HAL_Driver/Src/stm32wlxx_hal_i2c.c:1683:19:HAL_I2C_Master_Transmit_IT	32	static
../Drivers/STM32WLxx_HAL_Driver/Src/stm32wlxx_hal_i2c.c:1773:19:HAL_I2C_Master_Receive_IT	24	static
../Drivers/STM32WLxx_HAL_Driver/Src/stm32wlxx_hal_i2c.c:1842:19:HAL_I2C_Slave_Transmit_IT	8	static
../Drivers/STM32WLxx_HAL_Driver/Src/stm32wlxx_hal_i2c.c:1906:19:HAL_I2C_Slave_Receive_IT	16	static
../Drivers/STM32WLxx_HAL_Driver/Src/stm32wlxx_hal_i2c.c:1959:19:HAL_I2C_Master_Transmit_DMA	32	static
../Drivers/STM32WLxx_HAL_Driver/Src/stm32wlxx_hal_i2c.c:2121:19:HAL_I2C_Master_Receive_DMA	32	static
../Drivers/STM32WLxx_HAL_Driver/Src/stm32wlxx_hal_i2c.c:2266:19:HAL_I2C_Slave_Transmit_DMA	16	static
../Drivers/STM32WLxx_HAL_Driver/Src/stm32wlxx_hal_i2c.c:2402:19:HAL_I2C_Slave_Receive_DMA	16	static
../Drivers/STM32WLxx_HAL_Driver/Src/stm32wlxx_hal_i2c.c:2512:19:HAL_I2C_Mem_Write	48	static
../Drivers/STM32WLxx_HAL_Driver/Src/stm32wlxx_hal_i2c.c:2649:19:HAL_I2C_Mem_Read	48	static
../Drivers/STM32WLxx_HAL_Driver/Src/stm32wlxx_hal_i2c.c:2786:19:HAL_I2C_Mem_Write_IT	32	static
../Drivers/STM32WLxx_HAL_Driver/Src/stm32wlxx_hal_i2c.c:2874:19:HAL_I2C_Mem_Read_IT	32	static
../Drivers/STM32WLxx_HAL_Driver/Src/stm32wlxx_hal_i2c.c:2962:19:HAL_I2C_Mem_Write_DMA	32	static
../Drivers/STM32WLxx_HAL_Driver/Src/stm32wlxx_hal_i2c.c:3108:19:HAL_I2C_Mem_Read_DMA	32	static
../Drivers/STM32WLxx_HAL_Driver/Src/stm32wlxx_hal_i2c.c:3254:19:HAL_I2C_IsDeviceReady	48	static
../Drivers/STM32WLxx_HAL_Driver/Src/stm32wlxx_hal_i2c.c:3380:19:HAL_I2C_Master_Seq_Transmit_IT	32	static
../Drivers/STM32WLxx_HAL_Driver/Src/stm32wlxx_hal_i2c.c:3494:19:HAL_I2C_Master_Seq_Transmit_DMA	40	static
../Drivers/STM32WLxx_HAL_Driver/Src/stm32wlxx_hal_i2c.c:3691:19:HAL_I2C_Master_Seq_Receive_IT	24	static
../Drivers/STM32WLxx_HAL_Driver/Src/stm32wlxx_hal_i2c.c:3779:19:HAL_I2C_Master_Seq_Receive_DMA	40	static
../Drivers/STM32WLxx_HAL_Driver/Src/stm32wlxx_hal_i2c.c:3946:19:HAL_I2C_Slave_Seq_Transmit_IT	24	static
../Drivers/STM32WLxx_HAL_Driver/Src/stm32wlxx_hal_i2c.c:4049:19:HAL_I2C_Slave_Seq_Transmit_DMA	24	static
../Drivers/STM32WLxx_HAL_Driver/Src/stm32wlxx_hal_i2c.c:4234:19:HAL_I2C_Slave_Seq_Receive_IT	24	static
../Drivers/STM32WLxx_HAL_Driver/Src/stm32wlxx_hal_i2c.c:4337:19:HAL_I2C_Slave_Seq_Receive_DMA	24	static
../Drivers/STM32WLxx_HAL_Driver/Src/stm32wlxx_hal_i2c.c:4518:19:HAL_I2C_EnableListen_IT	8	static
../Drivers/STM32WLxx_HAL_Driver/Src/stm32wlxx_hal_i2c.c:4542:19:HAL_I2C_DisableListen_IT	8	static
../Drivers/STM32WLxx_HAL_Driver/Src/stm32wlxx_hal_i2c.c:4575:19:HAL_I2C_Master_Abort_IT	24	static
../Drivers/STM32WLxx_HAL_Driver/Src/stm32wlxx_hal_i2c.c:4637:6:HAL_I2C_EV_IRQHandler	0	static
../Drivers/STM32WLxx_HAL_Driver/Src/stm32wlxx_hal_i2c.c:4708:13:HAL_I2C_MasterTxCpltCallback	0	static
../Drivers/STM32WLxx_HAL_Driver/Src/stm32wlxx_hal_i2c.c:4724:13:HAL_I2C_MasterRxCpltCallback	0	static
../Drivers/STM32WLxx_HAL_Driver/Src/stm32wlxx_hal_i2c.c:5990:13:I2C_ITMasterSeqCplt	16	static
../Drivers/STM32WLxx_HAL_Driver/Src/stm32wlxx_hal_i2c.c:4739:13:HAL_I2C_SlaveTxCpltCallback	0	static
../Drivers/STM32WLxx_HAL_Driver/Src/stm32wlxx_hal_i2c.c:4755:13:HAL_I2C_SlaveRxCpltCallback	0	static
../Drivers/STM32WLxx_HAL_Driver/Src/stm32wlxx_hal_i2c.c:6043:13:I2C_ITSlaveSeqCplt	8	static
../Drivers/STM32WLxx_HAL_Driver/Src/stm32wlxx_hal_i2c.c:6772:13:I2C_DMASlaveTransmitCplt	0	static
../Drivers/STM32WLxx_HAL_Driver/Src/stm32wlxx_hal_i2c.c:6852:13:I2C_DMASlaveReceiveCplt	0	static
../Drivers/STM32WLxx_HAL_Driver/Src/stm32wlxx_hal_i2c.c:4773:13:HAL_I2C_AddrCallback	0	static
../Drivers/STM32WLxx_HAL_Driver/Src/stm32wlxx_hal_i2c.c:5895:13:I2C_ITAddrCplt.constprop	24	static
../Drivers/STM32WLxx_HAL_Driver/Src/stm32wlxx_hal_i2c.c:4791:13:HAL_I2C_ListenCpltCallback	0	static
../Drivers/STM32WLxx_HAL_Driver/Src/stm32wlxx_hal_i2c.c:6475:13:I2C_ITListenCplt	8	static
../Drivers/STM32WLxx_HAL_Driver/Src/stm32wlxx_hal_i2c.c:4807:13:HAL_I2C_MemTxCpltCallback	0	static
../Drivers/STM32WLxx_HAL_Driver/Src/stm32wlxx_hal_i2c.c:4823:13:HAL_I2C_MemRxCpltCallback	0	static
../Drivers/STM32WLxx_HAL_Driver/Src/stm32wlxx_hal_i2c.c:4839:13:HAL_I2C_ErrorCallback	0	static
../Drivers/STM32WLxx_HAL_Driver/Src/stm32wlxx_hal_i2c.c:4855:13:HAL_I2C_AbortCpltCallback	0	static
../Drivers/STM32WLxx_HAL_Driver/Src/stm32wlxx_hal_i2c.c:6661:13:I2C_TreatErrorCallback	8	static
../Drivers/STM32WLxx_HAL_Driver/Src/stm32wlxx_hal_i2c.c:6526:13:I2C_ITError	16	static
../Drivers/STM32WLxx_HAL_Driver/Src/stm32wlxx_hal_i2c.c:6119:13:I2C_ITMasterCplt	24	static
../Drivers/STM32WLxx_HAL_Driver/Src/stm32wlxx_hal_i2c.c:4938:26:I2C_Master_ISR_IT	24	static
../Drivers/STM32WLxx_HAL_Driver/Src/stm32wlxx_hal_i2c.c:5507:26:I2C_Mem_ISR_DMA	16	static
../Drivers/STM32WLxx_HAL_Driver/Src/stm32wlxx_hal_i2c.c:5367:26:I2C_Master_ISR_DMA	24	static
../Drivers/STM32WLxx_HAL_Driver/Src/stm32wlxx_hal_i2c.c:6881:13:I2C_DMAError	0	static
../Drivers/STM32WLxx_HAL_Driver/Src/stm32wlxx_hal_i2c.c:6721:13:I2C_DMAMasterTransmitCplt	8	static
../Drivers/STM32WLxx_HAL_Driver/Src/stm32wlxx_hal_i2c.c:6801:13:I2C_DMAMasterReceiveCplt	8	static
../Drivers/STM32WLxx_HAL_Driver/Src/stm32wlxx_hal_i2c.c:5089:26:I2C_Mem_ISR_IT	24	static
../Drivers/STM32WLxx_HAL_Driver/Src/stm32wlxx_hal_i2c.c:4656:6:HAL_I2C_ER_IRQHandler	4	static
../Drivers/STM32WLxx_HAL_Driver/Src/stm32wlxx_hal_i2c.c:6262:13:I2C_ITSlaveCplt.constprop	24	static
../Drivers/STM32WLxx_HAL_Driver/Src/stm32wlxx_hal_i2c.c:5646:26:I2C_Slave_ISR_DMA	16	static
../Drivers/STM32WLxx_HAL_Driver/Src/stm32wlxx_hal_i2c.c:5226:26:I2C_Slave_ISR_IT	16	static
../Drivers/STM32WLxx_HAL_Driver/Src/stm32wlxx_hal_i2c.c:6900:13:I2C_DMAAbort	0	static
../Drivers/STM32WLxx_HAL_Driver/Src/stm32wlxx_hal_i2c.c:4890:22:HAL_I2C_GetState	0	static
../Drivers/STM32WLxx_HAL_Driver/Src/stm32wlxx_hal_i2c.c:4902:21:HAL_I2C_GetMode	0	static
../Drivers/STM32WLxx_HAL_Driver/Src/stm32wlxx_hal_i2c.c:4913:10:HAL_I2C_GetError	0	static
