../Drivers/CMSIS/Include/core_cm4.h:1933:34:__NVIC_SystemReset	0	static,ignoring_inline_asm
../LoRaWAN/App/lora_app.c:1764:13:OnBeaconStatusChange	0	static
../LoRaWAN/App/lora_app.c:1770:13:OnSysTimeUpdate	0	static
../LoRaWAN/App/lora_app.c:1777:13:OnClassChange	0	static
../LoRaWAN/App/lora_app.c:1819:13:OnTxFrameCtrlChanged	0	static
../LoRaWAN/App/lora_app.c:1830:13:OnPingSlotPeriodicityChanged	0	static
../LoRaWAN/App/lora_app.c:1797:13:OnTxPeriodicityChanged	8	static
../LoRaWAN/App/lora_app.c:1717:13:OnJoinRequest	152	static
../LoRaWAN/App/lora_app.c:607:15:DatarateFromSF	8	static
../LoRaWAN/App/lora_app.c:725:13:OnRxData	192	static
../LoRaWAN/App/lora_app.c:1783:13:OnMacProcessNotify	0	static
../LoRaWAN/App/lora_app.c:1637:13:OnTxTimerEvent	8	static
../LoRaWAN/App/lora_app.c:1917:13:OnStoreContextRequest	40	static
../LoRaWAN/App/lora_app.c:1953:13:OnRestoreContextRequest	56	static
../LoRaWAN/App/lora_app.c:1859:13:StoreContext	0	static
../LoRaWAN/App/lora_app.c:884:13:SendTxData	1344	static
../LoRaWAN/App/lora_app.c:1841:13:OnSystemReset	8	static
../LoRaWAN/App/lora_app.c:1655:13:OnTxData	200	static
../LoRaWAN/App/lora_app.c:1881:13:OnNvmDataChange	0	static
../LoRaWAN/App/lora_app.c:401:6:LoRaApp_ReInitStack	8	static
../LoRaWAN/App/lora_app.c:428:6:LoRaWAN_Init	16	static
../LoRaWAN/App/lora_app.c:820:6:Deadman_Check	24	static
