../Drivers/CMSIS/Include/core_cm4.h:1933:34:__NVIC_SystemReset	4	static,ignoring_inline_asm
../LoRaWAN/App/lora_app.c:300:6:LoRaWAN_Init	16	static
../LoRaWAN/App/lora_app.c:358:13:OnRxData	16	static
../LoRaWAN/App/lora_app.c:364:13:SendTxData	128	static
../LoRaWAN/App/lora_app.c:381:13:OnTxTimerEvent	16	static
../LoRaWAN/App/lora_app.c:399:13:OnTxData	16	static
../LoRaWAN/App/lora_app.c:405:13:OnJoinRequest	16	static
../LoRaWAN/App/lora_app.c:411:13:OnBeaconStatusChange	16	static
../LoRaWAN/App/lora_app.c:417:13:OnSysTimeUpdate	4	static
../LoRaWAN/App/lora_app.c:424:13:OnClassChange	16	static
../LoRaWAN/App/lora_app.c:430:13:OnMacProcessNotify	8	static
../LoRaWAN/App/lora_app.c:442:13:OnTxPeriodicityChanged	16	static
../LoRaWAN/App/lora_app.c:464:13:OnTxFrameCtrlChanged	16	static
../LoRaWAN/App/lora_app.c:475:13:OnPingSlotPeriodicityChanged	16	static
../LoRaWAN/App/lora_app.c:486:13:OnSystemReset	8	static
../LoRaWAN/App/lora_app.c:500:13:StopJoin	8	static
../LoRaWAN/App/lora_app.c:535:13:OnStopJoinTimerEvent	16	static
../LoRaWAN/App/lora_app.c:549:13:StoreContext	16	static
../LoRaWAN/App/lora_app.c:571:13:OnNvmDataChange	16	static
../LoRaWAN/App/lora_app.c:589:13:OnStoreContextRequest	16	static
../LoRaWAN/App/lora_app.c:604:13:OnRestoreContextRequest	16	static
