../Core/Src/atgm336h.c:864:13:GNSS_GetToken	24	static
../Core/Src/atgm336h.c:47:20:GNSS_Init	40	static
../Core/Src/atgm336h.c:112:20:GNSS_PowerOn	16	static
../Core/Src/atgm336h.c:167:20:GNSS_PowerOff	8	static
../Core/Src/atgm336h.c:290:20:GNSS_ProcessByte	0	static
../Core/Src/atgm336h.c:369:6:GNSS_IsFixValid	0	static
../Core/Src/atgm336h.c:405:6:GNSS_ValidateCoordinates	16	static
../Core/Src/atgm336h.c:385:6:GNSS_IsFixGoodQuality	8	static
../Core/Src/atgm336h.c:418:20:GNSS_SendCommand	32	static
../Core/Src/atgm336h.c:787:9:GNSS_CalculateChecksum	0	static
../Core/Src/atgm336h.c:309:20:GNSS_ParseNMEA	64	static
../Core/Src/atgm336h.c:477:20:GNSS_ProcessDMABuffer	288	static
../Core/Src/atgm336h.c:453:20:GNSS_SendCommandBody	112	static
../Core/Src/atgm336h.c:213:20:GNSS_Configure	8	static
../Core/Src/atgm336h.c:817:6:GNSS_DMA_RxHalfCallback	0	static
../Core/Src/atgm336h.c:828:6:GNSS_DMA_RxCpltCallback	0	static
../Core/Src/atgm336h.c:839:10:GNSS_GetDmaOverrunCount	0	static
../Core/Src/atgm336h.c:1105:20:GNSS_EnterStandby	48	static
../Core/Src/atgm336h.c:1214:20:GNSS_WakeFromStandby	184	static
