../Core/Src/config.c:378:17:Config_CRC32.constprop	12	static
../Core/Src/config.c:77:23:Config_Get	0	static
../Core/Src/config.c:154:16:Config_Validate	112	static
../Core/Src/config.c:85:16:Config_Load	16	static
../Core/Src/config.c:292:16:Config_GetStats	0	static
../Core/Src/config.c:309:16:Config_PrintCurrent	24	static
../Core/Src/config.c:357:10:Config_CalculateCRC32	112	static
../Core/Src/config.c:114:23:Config_WriteInternal	16	static
../Core/Src/config.c:139:16:Config_Save	8	static
../Core/Src/config.c:222:16:Config_LoadDefaults	16	static
../Core/Src/config.c:40:16:Config_Init	16	static
