../Core/Src/flash_log.c:47:13:FlashLog_InitCRC32Table.part.0	12	static
../Core/Src/flash_log.c:70:10:FlashLog_CRC32	16	static
../Core/Src/flash_log.c:243:13:FlashLog_ValidateHeader	8	static
../Core/Src/flash_log.c:285:31:FlashLog_WriteHeader	64	static
../Core/Src/flash_log.c:103:6:FlashLog_HasUnsentData	0	static
../Core/Src/flash_log.c:227:10:FlashLog_GetUnsentCount	0	static
../Core/Src/flash_log.c:519:24:FlashLog_WriteRecord	80	static
../Core/Src/flash_log.c:684:10:FlashLog_GetRecordCount	0	static
../Core/Src/flash_log.c:693:10:FlashLog_GetAvailableRecords	0	static
../Core/Src/flash_log.c:708:6:FlashLog_HasWrapped	0	static
../Core/Src/flash_log.c:717:24:FlashLog_SyncHeader	0	static
../Core/Src/flash_log.c:200:24:FlashLog_MarkRecordsTransmitted	0	static
../Core/Src/flash_log.c:504:24:FlashLog_DeInit	8	static
../Core/Src/flash_log.c:726:6:FlashLog_VerifyRecord	8	static
../Core/Src/flash_log.c:363:24:FlashLog_Init	176	static
../Core/Src/flash_log.c:606:24:FlashLog_ReadRecord	16	static
../Core/Src/flash_log.c:112:24:FlashLog_GetUnsentRecordsFIFO	32	static
../Core/Src/flash_log.c:644:24:FlashLog_ReadRecords	32	static
../Core/Src/flash_log.c:746:24:FlashLog_GetStats	16	static
