../Drivers/STM32WLxx_HAL_Driver/Inc/stm32wlxx_ll_bus.h:449:22:LL_AHB2_GRP1_EnableClock	8	static
../Core/Src/main.c:111:6:system_sleep	8	static
../Core/Src/main.c:118:6:leds_boot_seq	8	static
../Core/Src/main.c:688:6:MX_DMA_Init	16	static
../Core/Src/main.c:774:6:Error_Handler	0	static
../Core/Src/main.c:389:6:MX_ADC_Init	8	static
../Core/Src/main.c:513:6:MX_RTC_Init	56	static
../Core/Src/main.c:616:6:MX_SUBGHZ_Init	8	static
../Core/Src/main.c:642:6:MX_USART1_UART_Init	8	static
../Core/Src/main.c:793:6:Error_Handler_Fatal	16	static,ignoring_inline_asm
../Core/Src/main.c:318:6:SystemClock_Config	176	static
../Core/Src/main.c:141:5:main	56	static
