../Drivers/STM32WLxx_HAL_Driver/Inc/stm32wlxx_ll_bus.h:449:22:LL_AHB2_GRP1_EnableClock	1
../Core/Src/main.c:111:6:system_sleep	1
../Core/Src/main.c:118:6:leds_boot_seq	2
../Core/Src/main.c:688:6:MX_DMA_Init	1
../Core/Src/main.c:774:6:Error_Handler	1
../Core/Src/main.c:389:6:MX_ADC_Init	2
../Core/Src/main.c:513:6:MX_RTC_Init	4
../Core/Src/main.c:616:6:MX_SUBGHZ_Init	2
../Core/Src/main.c:642:6:MX_USART1_UART_Init	5
../Core/Src/main.c:793:6:Error_Handler_Fatal	1
../Core/Src/main.c:318:6:SystemClock_Config	3
../Core/Src/main.c:141:5:main	11
