../Drivers/STM32WLxx_HAL_Driver/Inc/stm32wlxx_ll_rcc.h:1257:22:LL_RCC_LSE_SetDriveCapability	16	static
../Drivers/STM32WLxx_HAL_Driver/Inc/stm32wlxx_ll_bus.h:287:22:LL_AHB1_GRP1_EnableClock	24	static
../Drivers/STM32WLxx_HAL_Driver/Inc/stm32wlxx_ll_bus.h:449:22:LL_AHB2_GRP1_EnableClock	24	static
../Core/Src/main.c:76:5:main	8	static
../Core/Src/main.c:134:6:SystemClock_Config	112	static
../Core/Src/main.c:183:6:MX_ADC_Init	8	static
../Core/Src/main.c:230:13:MX_I2C3_Init	8	static
../Core/Src/main.c:278:6:MX_RTC_Init	56	static
../Core/Src/main.c:339:6:MX_SUBGHZ_Init	8	static
../Core/Src/main.c:365:6:MX_USART1_UART_Init	8	static
../Core/Src/main.c:411:6:MX_DMA_Init	8	static
../Core/Src/main.c:430:13:MX_GPIO_Init	32	static
../Core/Src/main.c:483:6:Error_Handler	4	static,ignoring_inline_asm
