../Core/Src/multiregion_context.c:1372:17:CalculateCRC32	12	static
../Core/Src/multiregion_context.c:1869:44:RegionToString	0	static
../Core/Src/multiregion_context.c:1682:15:FindContextSlot	296	static
../Core/Src/multiregion_context.c:1469:13:FlashWriteTier1	1016	static
../Core/Src/multiregion_context.c:1651:13:FlashWriteStorage	160	static
../Core/Src/multiregion_context.c:1351:17:CalculateCRC16.constprop	12	static
../Core/Src/multiregion_context.c:1590:13:FlashReadStorage	1168	static
../Core/Src/multiregion_context.c:144:6:MultiRegion_Init	16	static
../Core/Src/multiregion_context.c:187:17:MultiRegion_GetActiveRegion	0	static
../Core/Src/multiregion_context.c:199:6:MultiRegion_IsRegionJoined	16	static
../Core/Src/multiregion_context.c:256:6:MultiRegion_ForceSaveCurrentContext	248	static
../Core/Src/multiregion_context.c:223:6:MultiRegion_SaveCurrentContext	16	static
../Core/Src/multiregion_context.c:439:6:MultiRegion_SaveAllContexts	0	static
../Core/Src/multiregion_context.c:451:6:MultiRegion_RestoreContexts	8	static
../Core/Src/multiregion_context.c:463:24:MultiRegion_SwitchToRegion	328	static
../Core/Src/multiregion_context.c:769:24:MultiRegion_AutoSwitchForLocation	8	static
../Core/Src/multiregion_context.c:806:6:MultiRegion_GetStats	0	static
../Core/Src/multiregion_context.c:819:6:MultiRegion_ClearAllContexts	8	static
../Core/Src/multiregion_context.c:906:24:MultiRegion_JoinRegion	264	static
../Core/Src/multiregion_context.c:1200:6:MultiRegion_InitializeRegionFromNetworkServer	104	static
../Core/Src/multiregion_context.c:1888:6:MultiRegion_DisplaySessionKeys	56	static
../Core/Src/multiregion_context.c:1090:6:MultiRegion_PreJoinAllRegions	16	static
