../Core/Src/SEGGER_RTT.c:59:17:_WriteNoCheck	32	static
../Core/Src/SEGGER_RTT.c:97:6:SEGGER_RTT_Init	0	static
../Core/Src/SEGGER_RTT.c:104:10:SEGGER_RTT_Write	24	static,ignoring_inline_asm
../Core/Src/SEGGER_RTT.c:132:10:SEGGER_RTT_WriteString	16	static
../Core/Src/SEGGER_RTT.c:136:5:SEGGER_RTT_printf	84	static
../Core/Src/SEGGER_RTT.c:150:5:SEGGER_RTT_vprintf	80	static
../Core/Src/SEGGER_RTT.c:161:10:SEGGER_RTT_Read	32	static
../Core/Src/SEGGER_RTT.c:208:5:SEGGER_RTT_HasKey	0	static
../Core/Src/SEGGER_RTT.c:214:5:SEGGER_RTT_GetKey	16	static
../Core/Src/SEGGER_RTT.c:222:5:SEGGER_RTT_WaitKey	8	static
../Core/Src/SEGGER_RTT.c:230:5:SEGGER_RTT_ConfigUpBuffer	20	static,ignoring_inline_asm
../Core/Src/SEGGER_RTT.c:250:5:SEGGER_RTT_ConfigDownBuffer	20	static,ignoring_inline_asm
../Core/Src/SEGGER_RTT.c:272:5:SEGGER_RTT_SetTerminal	0	static
../Core/Src/SEGGER_RTT.c:279:5:SEGGER_RTT_TerminalOut	32	static,ignoring_inline_asm
