../Drivers/STM32WLxx_HAL_Driver/Inc/stm32wlxx_ll_rtc.h:1526:26:LL_RTC_TIME_GetSubSecond	16	static
../Core/Src/timer_if.c:180:21:TIMER_IF_Init	16	static
../Core/Src/timer_if.c:217:21:TIMER_IF_StartTimer	64	static
../Core/Src/timer_if.c:245:21:TIMER_IF_StopTimer	16	static
../Core/Src/timer_if.c:263:10:TIMER_IF_SetTimerContext	8	static
../Core/Src/timer_if.c:277:10:TIMER_IF_GetTimerContext	4	static
../Core/Src/timer_if.c:288:10:TIMER_IF_GetTimerElapsedTime	16	static
../Core/Src/timer_if.c:301:10:TIMER_IF_GetTimerValue	16	static
../Core/Src/timer_if.c:317:10:TIMER_IF_GetMinimumTimeout	16	static
../Core/Src/timer_if.c:330:10:TIMER_IF_Convert_ms2Tick	32	static
../Core/Src/timer_if.c:343:10:TIMER_IF_Convert_Tick2ms	48	static
../Core/Src/timer_if.c:356:6:TIMER_IF_DelayMs	24	static,ignoring_inline_asm
../Core/Src/timer_if.c:374:6:HAL_RTC_AlarmAEventCallback	16	static
../Core/Src/timer_if.c:385:6:HAL_RTCEx_SSRUEventCallback	24	static
../Core/Src/timer_if.c:400:10:TIMER_IF_GetTime	80	static
../Core/Src/timer_if.c:424:6:TIMER_IF_BkUp_Write_Seconds	16	static
../Core/Src/timer_if.c:435:6:TIMER_IF_BkUp_Write_SubSeconds	16	static
../Core/Src/timer_if.c:446:10:TIMER_IF_BkUp_Read_Seconds	16	static
../Core/Src/timer_if.c:459:10:TIMER_IF_BkUp_Read_SubSeconds	16	static
../Core/Src/timer_if.c:477:13:TIMER_IF_BkUp_Write_MSBticks	16	static
../Core/Src/timer_if.c:488:17:TIMER_IF_BkUp_Read_MSBticks	16	static
../Core/Src/timer_if.c:501:24:GetTimerTicks	16	static
