../Core/Src/timer_if.c:277:10:TIMER_IF_GetTimerContext	0	static
../Core/Src/timer_if.c:317:10:TIMER_IF_GetMinimumTimeout	0	static
../Core/Src/timer_if.c:330:10:TIMER_IF_Convert_ms2Tick	8	static
../Core/Src/timer_if.c:343:10:TIMER_IF_Convert_Tick2ms	0	static
../Core/Src/timer_if.c:501:24:GetTimerTicks	0	static
../Core/Src/timer_if.c:263:10:TIMER_IF_SetTimerContext	8	static
../Core/Src/timer_if.c:288:10:TIMER_IF_GetTimerElapsedTime	8	static
../Core/Src/timer_if.c:301:10:TIMER_IF_GetTimerValue	0	static
../Core/Src/timer_if.c:245:21:TIMER_IF_StopTimer	8	static
../Core/Src/timer_if.c:424:6:TIMER_IF_BkUp_Write_Seconds	0	static
../Core/Src/timer_if.c:435:6:TIMER_IF_BkUp_Write_SubSeconds	0	static
../Core/Src/timer_if.c:217:21:TIMER_IF_StartTimer	56	static
../Core/Src/timer_if.c:400:10:TIMER_IF_GetTime	16	static
../Core/Src/timer_if.c:446:10:TIMER_IF_BkUp_Read_Seconds	0	static
../Core/Src/timer_if.c:459:10:TIMER_IF_BkUp_Read_SubSeconds	0	static
../Core/Src/timer_if.c:180:21:TIMER_IF_Init	24	static
../Core/Src/timer_if.c:356:6:TIMER_IF_DelayMs	8	static,ignoring_inline_asm
../Core/Src/timer_if.c:374:6:HAL_RTC_AlarmAEventCallback	0	static
../Core/Src/timer_if.c:385:6:HAL_RTCEx_SSRUEventCallback	8	static
