../Core/Src/w25q16jv.c:48:13:W25Q_CS_High	0	static
../Core/Src/w25q16jv.c:37:13:W25Q_CS_Low	0	static
../Core/Src/w25q16jv.c:70:27:W25Q_SPI_Receive.isra	8	static
../Core/Src/w25q16jv.c:59:27:W25Q_SPI_Transmit.isra	8	static
../Core/Src/w25q16jv.c:169:20:W25Q_ReadJEDECID	24	static
../Core/Src/w25q16jv.c:196:20:W25Q_ReadStatus1	24	static
../Core/Src/w25q16jv.c:217:20:W25Q_WaitReady	24	static
../Core/Src/w25q16jv.c:245:20:W25Q_WriteEnable	24	static
../Core/Src/w25q16jv.c:276:20:W25Q_WriteDisable	24	static
../Core/Src/w25q16jv.c:292:20:W25Q_Read	40	static
../Core/Src/w25q16jv.c:339:20:W25Q_FastRead	40	static
../Core/Src/w25q16jv.c:386:20:W25Q_PageProgram	32	static
../Core/Src/w25q16jv.c:443:20:W25Q_Write	24	static
../Core/Src/w25q16jv.c:481:20:W25Q_EraseSector	24	static
../Core/Src/w25q16jv.c:526:20:W25Q_EraseBlock32K	24	static
../Core/Src/w25q16jv.c:571:20:W25Q_EraseBlock64K	24	static
../Core/Src/w25q16jv.c:616:20:W25Q_EraseChip	24	static
../Core/Src/w25q16jv.c:651:20:W25Q_PowerDown	24	static
../Core/Src/w25q16jv.c:154:20:W25Q_DeInit	8	static
../Core/Src/w25q16jv.c:670:20:W25Q_ReleasePowerDown	24	static
../Core/Src/w25q16jv.c:689:20:W25Q_Reset	24	static
../Core/Src/w25q16jv.c:91:20:W25Q_Init	32	static
../Core/Src/w25q16jv.c:719:20:W25Q_IsErased	88	static
