../Middlewares/Third_Party/LoRaWAN/Mac/Region/RegionAS923.c:276:13:VerifyRfFreq	8	static
../Middlewares/Third_Party/LoRaWAN/Mac/Region/RegionAS923.c:291:20:GetTimeOnAir	40	static
../Middlewares/Third_Party/LoRaWAN/Mac/Region/RegionAS923.c:309:12:RegionAS923GetPhyParam	24	static
../Middlewares/Third_Party/LoRaWAN/Mac/Region/RegionAS923.c:557:6:RegionAS923SetBandTxDone	24	static
../Middlewares/Third_Party/LoRaWAN/Mac/Region/RegionAS923.c:570:6:RegionAS923InitDefaults	40	static
../Middlewares/Third_Party/LoRaWAN/Mac/Region/RegionAS923.c:646:6:RegionAS923Verify	8	static
../Middlewares/Third_Party/LoRaWAN/Mac/Region/RegionAS923.c:760:6:RegionAS923ChanMaskSet	8	static
../Middlewares/Third_Party/LoRaWAN/Mac/Region/RegionAS923.c:784:6:RegionAS923ComputeRxWindowParameters	32	static
../Middlewares/Third_Party/LoRaWAN/Mac/Region/RegionAS923.c:806:6:RegionAS923RxConfig	80	static
../Middlewares/Third_Party/LoRaWAN/Mac/Region/RegionAS923.c:868:6:RegionAS923TxConfig	88	static
../Middlewares/Third_Party/LoRaWAN/Mac/Region/RegionAS923.c:912:9:RegionAS923LinkAdrReq	96	static
../Middlewares/Third_Party/LoRaWAN/Mac/Region/RegionAS923.c:1019:9:RegionAS923RxParamSetupReq	16	static
../Middlewares/Third_Party/LoRaWAN/Mac/Region/RegionAS923.c:1099:8:RegionAS923TxParamSetupReq	0	static
../Middlewares/Third_Party/LoRaWAN/Mac/Region/RegionAS923.c:1105:8:RegionAS923DlChannelReq	8	static
../Middlewares/Third_Party/LoRaWAN/Mac/Region/RegionAS923.c:1137:8:RegionAS923AlternateDr	0	static
../Middlewares/Third_Party/LoRaWAN/Mac/Region/RegionAS923.c:1147:17:RegionAS923NextChannel	120	static
../Middlewares/Third_Party/LoRaWAN/Mac/Region/RegionAS923.c:1231:17:RegionAS923ChannelAdd	24	static
../Middlewares/Third_Party/LoRaWAN/Mac/Region/RegionAS923.c:1294:6:RegionAS923ChannelsRemove	4	static
../Middlewares/Third_Party/LoRaWAN/Mac/Region/RegionAS923.c:699:6:RegionAS923ApplyCFList	48	static
../Middlewares/Third_Party/LoRaWAN/Mac/Region/RegionAS923.c:1046:8:RegionAS923NewChannelReq	24	static
../Middlewares/Third_Party/LoRaWAN/Mac/Region/RegionAS923.c:1348:9:RegionAS923ApplyDrOffset	0	static
../Middlewares/Third_Party/LoRaWAN/Mac/Region/RegionAS923.c:1373:6:RegionAS923RxBeaconSetup	32	static
