../Middlewares/Third_Party/LoRaWAN/Mac/Region/RegionAU915.c:104:20:GetTimeOnAir	32	static
../Middlewares/Third_Party/LoRaWAN/Mac/Region/RegionAU915.c:79:13:VerifyRfFreq	8	static
../Middlewares/Third_Party/LoRaWAN/Mac/Region/RegionAU915.c:113:12:RegionAU915GetPhyParam	24	static
../Middlewares/Third_Party/LoRaWAN/Mac/Region/RegionAU915.c:371:6:RegionAU915SetBandTxDone	24	static
../Middlewares/Third_Party/LoRaWAN/Mac/Region/RegionAU915.c:384:6:RegionAU915InitDefaults	48	static
../Middlewares/Third_Party/LoRaWAN/Mac/Region/RegionAU915.c:483:6:RegionAU915Verify	8	static
../Middlewares/Third_Party/LoRaWAN/Mac/Region/RegionAU915.c:533:6:RegionAU915ApplyCFList	20	static
../Middlewares/Third_Party/LoRaWAN/Mac/Region/RegionAU915.c:563:6:RegionAU915ChanMaskSet	16	static
../Middlewares/Third_Party/LoRaWAN/Mac/Region/RegionAU915.c:595:6:RegionAU915ComputeRxWindowParameters	32	static
../Middlewares/Third_Party/LoRaWAN/Mac/Region/RegionAU915.c:610:6:RegionAU915RxConfig	72	static
../Middlewares/Third_Party/LoRaWAN/Mac/Region/RegionAU915.c:656:6:RegionAU915TxConfig	96	static
../Middlewares/Third_Party/LoRaWAN/Mac/Region/RegionAU915.c:690:9:RegionAU915LinkAdrReq	120	static
../Middlewares/Third_Party/LoRaWAN/Mac/Region/RegionAU915.c:853:9:RegionAU915RxParamSetupReq	16	static
../Middlewares/Third_Party/LoRaWAN/Mac/Region/RegionAU915.c:885:8:RegionAU915NewChannelReq	0	static
../Middlewares/Third_Party/LoRaWAN/Mac/Region/RegionAU915.c:891:8:RegionAU915TxParamSetupReq	0	static
../Middlewares/Third_Party/LoRaWAN/Mac/Region/RegionAU915.c:897:8:RegionAU915DlChannelReq	0	static
../Middlewares/Third_Party/LoRaWAN/Mac/Region/RegionAU915.c:903:8:RegionAU915AlternateDr	0	static
../Middlewares/Third_Party/LoRaWAN/Mac/Region/RegionAU915.c:932:17:RegionAU915NextChannel	176	static
../Middlewares/Third_Party/LoRaWAN/Mac/Region/RegionAU915.c:1030:17:RegionAU915ChannelAdd	0	static
../Middlewares/Third_Party/LoRaWAN/Mac/Region/RegionAU915.c:1035:6:RegionAU915ChannelsRemove	0	static
../Middlewares/Third_Party/LoRaWAN/Mac/Region/RegionAU915.c:1056:9:RegionAU915ApplyDrOffset	8	static
../Middlewares/Third_Party/LoRaWAN/Mac/Region/RegionAU915.c:1078:6:RegionAU915RxBeaconSetup	32	static
